f50 : {x:ℤ | true} → {c:𝔹 | c = true ⇔ x = 1}
f51 : {x:ℤ | true} → {c:𝔹 | c = true ⇔ 1 = x}