f40 : 𝔹 → {y:𝔹 | true}
f41 : {x:𝔹 | true} → {y:𝔹 | y = ¬x}