tests/basic/post/not_iff/080.pan:5:1-4: error: unable to verify type of f80