f10 : {n:ℤ | true} → {v:𝔹 | true}
f11 : {n:ℤ | true} → {v:𝔹 | true}