f40 : {v:𝔹 | v = true}
f41 : {v:𝔹 | v = true}
f42 : {v:𝔹 | v = false}
f43 : {v:𝔹 | v = false}