f10 : {n:ℤ | n = 1} → {v:𝔹 | v = true}
f11 : {n:ℤ | n = 1} → {v:𝔹 | v = true}