tests/000_assert.pan:5:1-3: error:
  • Unable to validate verification condition for f1
tests/000_assert.pan:11:1-3: error:
  • Unable to validate verification condition for f3
tests/000_assert.pan:19:1-3: error:
  • Unable to validate verification condition for f6
tests/000_assert.pan:22:1-3: error:
  • Unable to validate verification condition for f7
tests/000_assert.pan:35:1-4: error:
  • Unable to validate verification condition for f12
tests/000_assert.pan:41:1-4: error:
  • Unable to validate verification condition for f14
tests/000_assert.pan:49:1-4: error:
  • Unable to validate verification condition for f17
tests/000_assert.pan:58:1-4: error:
  • Unable to validate verification condition for f20
tests/000_assert.pan:61:1-4: error:
  • Unable to validate verification condition for f21
f0 : 𝟙
f2 : 𝟙
f4 : {_:𝟙 | true}
f5 : {_:𝟙 | false}
f8 : {b:𝔹 | b = true } → 𝟙
f9 : {b:𝔹 | true} → 𝟙
f10 : {b:𝔹 | false} → 𝟙
f11 : 𝟙
f13 : 𝟙
f15 : {_:𝟙 | true}
f16 : {_:𝟙 | false}
f18 : {s:𝕊 | false} → 𝟙
f19 : {s:𝕊 | false} → 𝟙
f22 : 𝕊 → 𝟙
f23 : {s:𝕊 | true} → 𝟙
f24 : {s:𝕊 | true} → 𝟙
f25 : {s:𝕊 | false} → 𝟙
f26 : {s:𝕊 | s = "hello"} → 𝟙