tests/basic/check/id/050.pan:4:1-4: error: unable to verify type of f50