f30 : {v:𝟙 | v = unit}
f31 : {v:𝔹 | v = true}
f32 : {v:ℤ | v = 1}
f33 : {v:𝕊 | v = "hello"}
f34 : {v:ℂ𝕙 | v = 'a'}
f35 : {v:𝕊 | v = "a"}