f01 : {n:ℤ | n ≠ 1} → {v:𝔹 | v = false}
f11 : {n:ℤ | n ≠ 1} → {v:𝔹 | v = false}
f02 : {n:ℤ | n ≠ 1} → {v:𝔹 | v = false}
f12 : {n:ℤ | n ≠ 1} → {v:𝔹 | v = false}
f03 : {n:ℤ | n ≠ 1} → {v:𝔹 | v = false}
f13 : {n:ℤ | n ≠ 1} → {v:𝔹 | v = false}