g1 : {s:𝕊 | s ∈ .} → 𝟙
g2 : (s:𝕊) → 𝟙
f052 : {s:𝕊 | s ∈ ..*} → 𝟙