f00 : {b:𝔹 | b = true} → 𝟙
f10 : {x:𝔹 | x = true} → 𝟙
f20 : {x:𝔹 | x = true} → {v:𝟙 | true}
f21 : {x:𝔹 | x = true} → {v:𝟙 | true}
f31 : {x:𝔹 | x = true} → 𝟙
f32 : {x:𝔹 | x = true} → 𝟙