f100 : {b:𝔹 | false} → (v:ℤ)
f101 : {b:𝔹 | false} → {v:ℤ | false}
f102 : {b:𝔹 | false} → {v:ℤ | v = 3}