f00 : {c:𝔹 | c = true}
f01 : {c:𝔹 | c = false}
f02 : {c:𝔹 | c = false}
f03 : {c:𝔹 | c = false}
f10 : {z:𝔹 | z = true}
f11 : {z:𝔹 | z = false}
f12 : {z:𝔹 | z = false}
f13 : {z:𝔹 | z = false}
f20 : {z:𝔹 | z = true}
f21 : {z:𝔹 | z = false}
f22 : {z:𝔹 | z = false}
f23 : {z:𝔹 | z = false}