f30 : {x:𝔹 | x = true} → {y:𝔹 | y = true} → {z:𝔹 | z = true}
f31 : {x:𝔹 | x = false} → {y:𝔹 | y = true} → {z:𝔹 | z = false}
f33 : {x:𝔹 | false} → {y:𝔹 | y = false} → {z:𝔹 | z = true}
f34 : {x:𝔹 | true} → {y:𝔹 | y = false} → {z:𝔹 | z = false}