f60 : {x:𝔹 | true} → {y:𝔹 | y = true} → {z:𝔹 | true}
f61 : {x:𝔹 | true} → {y:𝔹 | y = false} → {z:𝔹 | z = false}
f62 : {x:𝔹 | true} → {y:𝔹 | y = x} → {z:𝔹 | true}
f64 : {x:𝔹 | true} → {y:𝔹 | true} → {z:𝔹 | true}