tests/basic/infer/prim/030.pan:2:7-11: error: invalid subtype: 𝔹 <: 𝟙
tests/basic/infer/prim/030.pan:5:7-8: error: invalid subtype: ℤ <: 𝟙
tests/basic/infer/prim/030.pan:8:7-14: error: invalid subtype: 𝕊 <: 𝟙