tests/basic/check/assert/020.pan:4:1-4: error: unable to verify type of f20
tests/basic/check/assert/020.pan:7:1-4: error: unable to verify type of f21
tests/basic/check/assert/020.pan:10:1-4: error: unable to verify type of f22