f160 : {x:𝔹 | false} → {v:𝟙 | true}
f161 : {x:𝔹 | false} → {v:𝟙 | false}