f380 : {s:𝕊 | s ∈ b|a*} → 𝟙  -- UNVERIFIED (timeout)