f540 : {s:𝕊 | s ∈ ([^a]|abb)*} → 𝟙  -- UNVERIFIED (timeout)