getAddrSpec : {email:𝕊 | email ∈ [^<>]*<[^>]*>.*} → 𝕊  -- UNVERIFIED (timeout)