f000 : {s:𝕊 | s = ""} → 𝟙
f001 : {s:𝕊 | s = ""} → 𝟙