f050 : {s:𝕊 | s ∈ ..*} → 𝟙
f051 : {s:𝕊 | s ∈ ..*} → 𝟙