f210 : {s:𝕊 | s ∈ ab} → 𝟙
f211 : {s:𝕊 | s ∈ ab} → 𝟙