f260 : {s:𝕊 | s ∈ a?b} → 𝟙
f261 : {s:𝕊 | s ∈ a?b} → 𝟙