f290 : {s:𝕊 | s ∈ a?b?} → 𝟙
f291 : {s:𝕊 | s ∈ a?b?} → 𝟙