f330 : {s:𝕊 | s ∈ (a.b)?} → 𝟙
f331 : {s:𝕊 | s ∈ (a.b)?} → 𝟙