f390 : {s:𝕊 | s ∈ [ab]?} → 𝟙
f391 : {s:𝕊 | s ∈ [ab]?} → 𝟙