f430 : {s:𝕊 | s ∈ [^b]} → 𝟙
f431 : {s:𝕊 | s ∈ [^b]} → 𝟙