getAddrSpec : {email:𝕊 | email ∈ [^<>]*<[^>]*>.*} → 𝟙  -- UNVERIFIED (timeout)